// Jest Snapshot v1, https://goo.gl/fbAQLP

exports[`Pagination renders correctly 1`] = `
<Pagination
  buttonNextIconPosition="right"
  buttonNextLabel="Next"
  buttonPrevIconPosition="left"
  buttonPrevLabel="Prev"
  currentPage={1}
  numberOfPagesToShow={3}
  onSelectPage={[MockFunction]}
  totalPages={10}
>
  <ul
    className="pagination-list"
    data-testid="pagination-element"
  >
    <li>
      <ForwardRef
        disabled={true}
        iconPosition="left"
        onClick={[Function]}
        size="medium"
        text="Prev"
        withAppendIcon={false}
      >
        <ForwardRef
          disabled={true}
          iconPosition="left"
          onClick={[Function]}
          size="medium"
          text="Prev"
          withAppendIcon={false}
        >
          <ForwardRef
            className="button button--neutral"
            disabled={true}
            fixed={false}
            iconPosition="left"
            onClick={[Function]}
            size="medium"
            text="Prev"
            withAppendIcon={false}
          >
            <button
              className="button button--neutral button button--medium"
              disabled={true}
              onClick={[Function]}
              type="button"
            >
              <span
                className="button-text"
              >
                Prev
              </span>
            </button>
          </ForwardRef>
        </ForwardRef>
      </ForwardRef>
    </li>
    <li
      key="1"
    >
      <ForwardRef
        category="primary"
        onClick={[Function]}
        size="medium"
        text="1"
      >
        <ForwardRef
          category="primary"
          onClick={[Function]}
          size="medium"
          text="1"
        >
          <ForwardRef
            category="primary"
            className="button button--primary"
            disabled={false}
            fixed={false}
            iconPosition="right"
            onClick={[Function]}
            size="medium"
            text="1"
          >
            <button
              category="primary"
              className="button button--primary button button--medium"
              disabled={false}
              onClick={[Function]}
              type="button"
            >
              <span
                className="button-text"
              >
                1
              </span>
            </button>
          </ForwardRef>
        </ForwardRef>
      </ForwardRef>
    </li>
    <li
      key="2"
    >
      <ForwardRef
        category="neutral"
        onClick={[Function]}
        size="medium"
        text="2"
      >
        <ForwardRef
          category="neutral"
          onClick={[Function]}
          size="medium"
          text="2"
        >
          <ForwardRef
            category="neutral"
            className="button button--neutral"
            disabled={false}
            fixed={false}
            iconPosition="right"
            onClick={[Function]}
            size="medium"
            text="2"
          >
            <button
              category="neutral"
              className="button button--neutral button button--medium"
              disabled={false}
              onClick={[Function]}
              type="button"
            >
              <span
                className="button-text"
              >
                2
              </span>
            </button>
          </ForwardRef>
        </ForwardRef>
      </ForwardRef>
    </li>
    <li
      key="3"
    >
      <ForwardRef
        category="neutral"
        onClick={[Function]}
        size="medium"
        text="3"
      >
        <ForwardRef
          category="neutral"
          onClick={[Function]}
          size="medium"
          text="3"
        >
          <ForwardRef
            category="neutral"
            className="button button--neutral"
            disabled={false}
            fixed={false}
            iconPosition="right"
            onClick={[Function]}
            size="medium"
            text="3"
          >
            <button
              category="neutral"
              className="button button--neutral button button--medium"
              disabled={false}
              onClick={[Function]}
              type="button"
            >
              <span
                className="button-text"
              >
                3
              </span>
            </button>
          </ForwardRef>
        </ForwardRef>
      </ForwardRef>
    </li>
    <li>
      <ForwardRef
        disabled={false}
        iconPosition="right"
        onClick={[Function]}
        size="medium"
        text="Next"
        withAppendIcon={false}
      >
        <ForwardRef
          disabled={false}
          iconPosition="right"
          onClick={[Function]}
          size="medium"
          text="Next"
          withAppendIcon={false}
        >
          <ForwardRef
            className="button button--neutral"
            disabled={false}
            fixed={false}
            iconPosition="right"
            onClick={[Function]}
            size="medium"
            text="Next"
            withAppendIcon={false}
          >
            <button
              className="button button--neutral button button--medium"
              disabled={false}
              onClick={[Function]}
              type="button"
            >
              <span
                className="button-text"
              >
                Next
              </span>
            </button>
          </ForwardRef>
        </ForwardRef>
      </ForwardRef>
    </li>
  </ul>
</Pagination>
`;
