// Jest Snapshot v1, https://goo.gl/fbAQLP

exports[`ExampleComponent is renders correctly 1`] = `
<Button
  label="this is a test"
  onClick={[Function]}
>
  <NeutralButton
    label="this is a test"
    onClick={[Function]}
  >
    <DefaultButton
      className="button button--neutral"
      disabled={false}
      fixed={false}
      label="this is a test"
      onClick={[Function]}
      size="large"
    >
      <button
        className="button button--neutral button button--large"
        disabled={false}
        onClick={[Function]}
        type="button"
      >
        <span
          className="button--label"
        >
          this is a test
        </span>
      </button>
    </DefaultButton>
  </NeutralButton>
</Button>
`;
